<?xml version="1.0" encoding="utf-16"?>
<StackPanel xmlns:c="clr-namespace:ColorTextBlock.Avalonia;assembly=ColorTextBlock.Avalonia" xmlns:m="clr-namespace:Markdown.Avalonia.Controls;assembly=Markdown.Avalonia" xmlns:x="http://schemas.microsoft.com/winfx/2006/xaml" xmlns="https://github.com/avaloniaui">
  <c:CTextBlock Classes="Paragraph">
    <c:CRun Text="Dashes:" />
  </c:CTextBlock>
  <m:Rule BoldLineWidth="2" Classes="Single" />
  <c:CTextBlock Classes="Paragraph" />
  <m:Rule BoldLineWidth="2" Classes="Single" />
  <c:CTextBlock Classes="Paragraph" />
  <m:Rule BoldLineWidth="2" Classes="Single" />
  <c:CTextBlock Classes="Paragraph" />
  <m:Rule BoldLineWidth="2" Classes="Single" />
  <c:CTextBlock Classes="Paragraph" />
  <Border Classes="CodeBlock" xmlns="">
    <Border.Child>
      <TextBlock Text="---&#xA;" Classes="CodeBlock" />
    </Border.Child>
  </Border>
  <c:CTextBlock Classes="Paragraph" />
  <m:Rule BoldLineWidth="2" Classes="Single" />
  <c:CTextBlock Classes="Paragraph" />
  <m:Rule BoldLineWidth="2" Classes="Single" />
  <c:CTextBlock Classes="Paragraph" />
  <m:Rule BoldLineWidth="2" Classes="Single" />
  <c:CTextBlock Classes="Paragraph" />
  <m:Rule BoldLineWidth="2" Classes="Single" />
  <c:CTextBlock Classes="Paragraph" />
  <Border Classes="CodeBlock" xmlns="">
    <Border.Child>
      <TextBlock Text="- - -&#xA;" Classes="CodeBlock" />
    </Border.Child>
  </Border>
  <c:CTextBlock Classes="Paragraph">
    <c:CRun Text="Asterisks:" />
  </c:CTextBlock>
  <m:Rule BoldLineWidth="2" Classes="Bold" />
  <c:CTextBlock Classes="Paragraph" />
  <m:Rule BoldLineWidth="2" Classes="Bold" />
  <c:CTextBlock Classes="Paragraph" />
  <m:Rule BoldLineWidth="2" Classes="Bold" />
  <c:CTextBlock Classes="Paragraph" />
  <m:Rule BoldLineWidth="2" Classes="Bold" />
  <c:CTextBlock Classes="Paragraph" />
  <Border Classes="CodeBlock" xmlns="">
    <Border.Child>
      <TextBlock Text="***&#xA;" Classes="CodeBlock" />
    </Border.Child>
  </Border>
  <c:CTextBlock Classes="Paragraph" />
  <m:Rule BoldLineWidth="2" Classes="Bold" />
  <c:CTextBlock Classes="Paragraph" />
  <m:Rule BoldLineWidth="2" Classes="Bold" />
  <c:CTextBlock Classes="Paragraph" />
  <m:Rule BoldLineWidth="2" Classes="Bold" />
  <c:CTextBlock Classes="Paragraph" />
  <m:Rule BoldLineWidth="2" Classes="Bold" />
  <c:CTextBlock Classes="Paragraph" />
  <Border Classes="CodeBlock" xmlns="">
    <Border.Child>
      <TextBlock Text="* * *&#xA;" Classes="CodeBlock" />
    </Border.Child>
  </Border>
  <c:CTextBlock Classes="Paragraph">
    <c:CRun Text="Underscores:" />
  </c:CTextBlock>
  <m:Rule BoldLineWidth="2" Classes="BoldWithSingle" />
  <c:CTextBlock Classes="Paragraph" />
  <m:Rule BoldLineWidth="2" Classes="BoldWithSingle" />
  <c:CTextBlock Classes="Paragraph" />
  <m:Rule BoldLineWidth="2" Classes="BoldWithSingle" />
  <c:CTextBlock Classes="Paragraph" />
  <m:Rule BoldLineWidth="2" Classes="BoldWithSingle" />
  <c:CTextBlock Classes="Paragraph" />
  <Border Classes="CodeBlock" xmlns="">
    <Border.Child>
      <TextBlock Text="___&#xA;" Classes="CodeBlock" />
    </Border.Child>
  </Border>
  <c:CTextBlock Classes="Paragraph" />
  <m:Rule BoldLineWidth="2" Classes="BoldWithSingle" />
  <c:CTextBlock Classes="Paragraph" />
  <m:Rule BoldLineWidth="2" Classes="BoldWithSingle" />
  <c:CTextBlock Classes="Paragraph" />
  <m:Rule BoldLineWidth="2" Classes="BoldWithSingle" />
  <c:CTextBlock Classes="Paragraph" />
  <m:Rule BoldLineWidth="2" Classes="BoldWithSingle" />
  <c:CTextBlock Classes="Paragraph" />
  <Border Classes="CodeBlock" xmlns="">
    <Border.Child>
      <TextBlock Text="_ _ _&#xA;" Classes="CodeBlock" />
    </Border.Child>
  </Border>
  <c:CTextBlock Classes="Paragraph" />
</StackPanel>
